node.exe : [33mThe 
CJS build of Vite's 
Node API is 
deprecated. See https:
//vite.dev/guide/troub
leshooting.html#vite-c
js-node-api-deprecated
 for more 
details.[39m
At line:1 char:1
+ & "C:\Program Files\
nodejs/node.exe" 
"C:\Program 
Files\nodejs/node_mo 
...
+ ~~~~~~~~~~~~~~~~~~~~
~~~~~~~~~~~~~~~~~~~~~~
~~~~~~~~~~~~~~~~~~~~~~
~~~~~
    + CategoryInfo    
          : NotSpeci  
  fied: ([33mThe C   
 JS bu...e details    
.[39m:String) []    
, RemoteException
    + FullyQualifiedE 
   rrorId : NativeCo  
  mmandError
 

[7m[1m[36m RUN [39m[22m[27m [36mv1.6.1[39m [90mD:/Antigravity/TweetFlow-Scheduler[39m

[90mstdout[2m | src/main/services/__tests__/database.test.ts[2m > [22m[2mDatabaseService[2m > [22m[2mshould create the tweets and accounts tables with correct columns[22m[39m
Starting beforeEach...

[90mstderr[2m | src/
main/services/__tests_
_/database.test.ts[2m
 > [22m[2mDatabaseSe
rvice[2m > 
[22m[2mshould 
create the tweets and 
accounts tables with 
correct 
columns[22m[39m
Error in beforeEach: 
Error: The module '\\?
\D:\Antigravity\TweetF
low-Scheduler\node_mod
ules\better-sqlite3\bu
ild\Release\better_sql
ite3.node'
was compiled against 
a different Node.js 
version using
NODE_MODULE_VERSION 
125. This version of 
Node.js requires
NODE_MODULE_VERSION 
137. Please try 
re-compiling or 
re-installing
the module (for 
instance, using `npm 
rebuild` or `npm 
install`).
[90m    at 
Object..node (node:int
ernal/modules/cjs/load
er:1920:18)[39m
[90m    at 
Module.load (node:inte
rnal/modules/cjs/loade
r:1481:32)[39m
[90m    at 
Module._load (node:int
ernal/modules/cjs/load
er:1300:12)[39m
[90m    at TracingCha
nnel.traceSync (node:d
iagnostics_channel:328
:14)[39m
[90m    at 
wrapModuleLoad (node:i
nternal/modules/cjs/lo
ader:245:24)[39m
[90m    at 
Module.require (node:i
nternal/modules/cjs/lo
ader:1504:12)[39m
[90m    at require (n
ode:internal/modules/h
elpers:152:16)[39m
    at bindings [90m(
D:\Antigravity\TweetFl
ow-Scheduler\[39mnode
_modules\[4mbindings
[24m\bindings.js:112:4
8[90m)[39m
    at new Database [
90m(D:\Antigravity\Twe
etFlow-Scheduler\[39m
node_modules\[4mbette
r-sqlite3[24m\lib\dat
abase.js:48:64[90m)[
39m
    at new 
DatabaseService [90m(
D:\Antigravity\TweetFl
ow-Scheduler\[39msrc\
main\services\database
.ts:34:19[90m)[39m {
  code: [32m'ERR_DLOP
EN_FAILED'[39m
}

[90mstdout[2m | src/main/services/__tests__/database.test.ts[2m > [22m[2mDatabaseService[2m > [22m[2mshould create and retrieve an account[22m[39m
Starting beforeEach...

[90mstderr[2m | src/
main/services/__tests_
_/database.test.ts[2m
 > [22m[2mDatabaseSe
rvice[2m > 
[22m[2mshould 
create and retrieve 
an account[22m[39m
Error in beforeEach: 
Error: The module '\\?
\D:\Antigravity\TweetF
low-Scheduler\node_mod
ules\better-sqlite3\bu
ild\Release\better_sql
ite3.node'
was compiled against 
a different Node.js 
version using
NODE_MODULE_VERSION 
125. This version of 
Node.js requires
NODE_MODULE_VERSION 
137. Please try 
re-compiling or 
re-installing
the module (for 
instance, using `npm 
rebuild` or `npm 
install`).
[90m    at 
Object..node (node:int
ernal/modules/cjs/load
er:1920:18)[39m
[90m    at 
Module.load (node:inte
rnal/modules/cjs/loade
r:1481:32)[39m
[90m    at 
Module._load (node:int
ernal/modules/cjs/load
er:1300:12)[39m
[90m    at TracingCha
nnel.traceSync (node:d
iagnostics_channel:328
:14)[39m
[90m    at 
wrapModuleLoad (node:i
nternal/modules/cjs/lo
ader:245:24)[39m
[90m    at 
Module.require (node:i
nternal/modules/cjs/lo
ader:1504:12)[39m
[90m    at require (n
ode:internal/modules/h
elpers:152:16)[39m
    at bindings [90m(
D:\Antigravity\TweetFl
ow-Scheduler\[39mnode
_modules\[4mbindings
[24m\bindings.js:112:4
8[90m)[39m
    at new Database [
90m(D:\Antigravity\Twe
etFlow-Scheduler\[39m
node_modules\[4mbette
r-sqlite3[24m\lib\dat
abase.js:48:64[90m)[
39m
    at new 
DatabaseService [90m(
D:\Antigravity\TweetFl
ow-Scheduler\[39msrc\
main\services\database
.ts:34:19[90m)[39m {
  code: [32m'ERR_DLOP
EN_FAILED'[39m
}

[90mstdout[2m | src/main/services/__tests__/database.test.ts[2m > [22m[2mDatabaseService[2m > [22m[2mshould insert and retrieve a tweet with account_id[22m[39m
Starting beforeEach...

[90mstdout[2m | src/main/services/__tests__/database.test.ts[2m > [22m[2mDatabaseService[2m > [22m[2mshould update tweet status and tweet_id[22m[39m
Starting beforeEach...

[90mstderr[2m | src/
main/services/__tests_
_/database.test.ts[2m
 > [22m[2mDatabaseSe
rvice[2m > 
[22m[2mshould 
insert and retrieve a 
tweet with 
account_id[22m[39m
Error in beforeEach: 
Error: The module '\\?
\D:\Antigravity\TweetF
low-Scheduler\node_mod
ules\better-sqlite3\bu
ild\Release\better_sql
ite3.node'
was compiled against 
a different Node.js 
version using
NODE_MODULE_VERSION 
125. This version of 
Node.js requires
NODE_MODULE_VERSION 
137. Please try 
re-compiling or 
re-installing
the module (for 
instance, using `npm 
rebuild` or `npm 
install`).
[90m    at 
Object..node (node:int
ernal/modules/cjs/load
er:1920:18)[39m
[90m    at 
Module.load (node:inte
rnal/modules/cjs/loade
r:1481:32)[39m
[90m    at 
Module._load (node:int
ernal/modules/cjs/load
er:1300:12)[39m
[90m    at TracingCha
nnel.traceSync (node:d
iagnostics_channel:328
:14)[39m
[90m    at 
wrapModuleLoad (node:i
nternal/modules/cjs/lo
ader:245:24)[39m
[90m    at 
Module.require (node:i
nternal/modules/cjs/lo
ader:1504:12)[39m
[90m    at require (n
ode:internal/modules/h
elpers:152:16)[39m
    at bindings [90m(
D:\Antigravity\TweetFl
ow-Scheduler\[39mnode
_modules\[4mbindings
[24m\bindings.js:112:4
8[90m)[39m
    at new Database [
90m(D:\Antigravity\Twe
etFlow-Scheduler\[39m
node_modules\[4mbette
r-sqlite3[24m\lib\dat
abase.js:48:64[90m)[
39m
    at new 
DatabaseService [90m(
D:\Antigravity\TweetFl
ow-Scheduler\[39msrc\
main\services\database
.ts:34:19[90m)[39m {
  code: [32m'ERR_DLOP
EN_FAILED'[39m
}

[90mstdout[2m | src/main/services/__tests__/database.test.ts[2m > [22m[2mDatabaseService[2m > [22m[2mshould retrieve pending tweets[22m[39m
Starting beforeEach...

 [33mΓ¥»[39m src/main/services/__tests__/database.test.ts [2m ([22m[2m5 tests[22m [2m|[22m [31m5 failed[39m[2m)[22m[90m 36[2mms[22m[39m
[31m   [33mΓ¥»[31m src/main/services/__tests__/database.test.ts[2m > [22mDatabaseService[2m > [22mshould create the tweets and accounts tables with correct columns[39m
[31m     ΓåÆ The module '\\?\D:\Antigravity\TweetFlow-Scheduler\node_modules\better-sqlite3\build\Release\better_sqlite3.node'
was compiled against a different Node.js version using
NODE_MODULE_VERSION 125. This version of Node.js requires
NODE_MODULE_VERSION 137. Please try re-compiling or re-installing
the module (for instance, using `npm rebuild` or `npm install`).[39m
[31m   [33mΓ¥»[31m src/main/services/__tests__/database.test.ts[2m > [22mDatabaseService[2m > [22mshould create and retrieve an account[39m
[31m     ΓåÆ The module '\\?\D:\Antigravity\TweetFlow-Scheduler\node_modules\better-sqlite3\build\Release\better_sqlite3.node'
was compiled against a different Node.js version using
NODE_MODULE_VERSION 125. This version of Node.js requires
NODE_MODULE_VERSION 137. Please try re-compiling or re-installing
the module (for instance, using `npm rebuild` or `npm install`).[39m
[31m   [33mΓ¥»[31m src/main/services/__tests__/database.test.ts[2m > [22mDatabaseService[2m > [22mshould insert and retrieve a tweet with account_id[39m
[31m     ΓåÆ The module '\\?\D:\Antigravity\TweetFlow-Scheduler\node_modules\better-sqlite3\build\Release\better_sqlite3.node'
was compiled against a different Node.js version using
NODE_MODULE_VERSION 125. This version of Node.js requires
NODE_MODULE_VERSION 137. Please try re-compiling or re-installing
the module (for instance, using `npm rebuild` or `npm install`).[39m
[31m   [33mΓ¥»[31m src/main/services/__tests__/database.test.ts[2m > [22mDatabaseService[2m > [22mshould update tweet status and tweet_id[39m
[31m     ΓåÆ The module '\\?\D:\Antigravity\TweetFlow-Scheduler\node_modules\better-sqlite3\build\Release\better_sqlite3.node'
was compiled against a different Node.js version using
NODE_MODULE_VERSION 125. This version of Node.js requires
NODE_MODULE_VERSION 137. Please try re-compiling or re-installing
the module (for instance, using `npm rebuild` or `npm install`).[39m
[31m   [33mΓ¥»[31m src/main/services/__tests__/database.test.ts[2m > [22mDatabaseService[2m > [22mshould retrieve pending tweets[39m
[31m     ΓåÆ The module '\\?\D:\Antigravity\TweetFlow-Scheduler\node_modules\better-sqlite3\build\Release\better_sqlite3.node'
was compiled against a different Node.js version using
NODE_MODULE_VERSION 125. This version of Node.js requires
NODE_MODULE_VERSION 137. Please try re-compiling or re-installing
the module (for instance, using `npm rebuild` or `npm install`).[39m
[90mstderr[2m | src/
main/services/__tests_
_/database.test.ts[2m
 > [22m[2mDatabaseSe
rvice[2m > 
[22m[2mshould 
update tweet status 
and tweet_id[22m[39m
Error in beforeEach: 
Error: The module '\\?
\D:\Antigravity\TweetF
low-Scheduler\node_mod
ules\better-sqlite3\bu
ild\Release\better_sql
ite3.node'
was compiled against 
a different Node.js 
version using
NODE_MODULE_VERSION 
125. This version of 
Node.js requires
NODE_MODULE_VERSION 
137. Please try 
re-compiling or 
re-installing
the module (for 
instance, using `npm 
rebuild` or `npm 
install`).
[90m    at 
Object..node (node:int
ernal/modules/cjs/load
er:1920:18)[39m
[90m    at 
Module.load (node:inte
rnal/modules/cjs/loade
r:1481:32)[39m
[90m    at 
Module._load (node:int
ernal/modules/cjs/load
er:1300:12)[39m
[90m    at TracingCha
nnel.traceSync (node:d
iagnostics_channel:328
:14)[39m
[90m    at 
wrapModuleLoad (node:i
nternal/modules/cjs/lo
ader:245:24)[39m
[90m    at 
Module.require (node:i
nternal/modules/cjs/lo
ader:1504:12)[39m
[90m    at require (n
ode:internal/modules/h
elpers:152:16)[39m
    at bindings [90m(
D:\Antigravity\TweetFl
ow-Scheduler\[39mnode
_modules\[4mbindings
[24m\bindings.js:112:4
8[90m)[39m
    at new Database [
90m(D:\Antigravity\Twe
etFlow-Scheduler\[39m
node_modules\[4mbette
r-sqlite3[24m\lib\dat
abase.js:48:64[90m)[
39m
    at new 
DatabaseService [90m(
D:\Antigravity\TweetFl
ow-Scheduler\[39msrc\
main\services\database
.ts:34:19[90m)[39m {
  code: [32m'ERR_DLOP
EN_FAILED'[39m
}

[90mstderr[2m | src/
main/services/__tests_
_/database.test.ts[2m
 > [22m[2mDatabaseSe
rvice[2m > 
[22m[2mshould 
retrieve pending 
tweets[22m[39m
Error in beforeEach: 
Error: The module '\\?
\D:\Antigravity\TweetF
low-Scheduler\node_mod
ules\better-sqlite3\bu
ild\Release\better_sql
ite3.node'
was compiled against 
a different Node.js 
version using
NODE_MODULE_VERSION 
125. This version of 
Node.js requires
NODE_MODULE_VERSION 
137. Please try 
re-compiling or 
re-installing
the module (for 
instance, using `npm 
rebuild` or `npm 
install`).
[90m    at 
Object..node (node:int
ernal/modules/cjs/load
er:1920:18)[39m
[90m    at 
Module.load (node:inte
rnal/modules/cjs/loade
r:1481:32)[39m
[90m    at 
Module._load (node:int
ernal/modules/cjs/load
er:1300:12)[39m
[90m    at TracingCha
nnel.traceSync (node:d
iagnostics_channel:328
:14)[39m
[90m    at 
wrapModuleLoad (node:i
nternal/modules/cjs/lo
ader:245:24)[39m
[90m    at 
Module.require (node:i
nternal/modules/cjs/lo
ader:1504:12)[39m
[90m    at require (n
ode:internal/modules/h
elpers:152:16)[39m
    at bindings [90m(
D:\Antigravity\TweetFl
ow-Scheduler\[39mnode
_modules\[4mbindings
[24m\bindings.js:112:4
8[90m)[39m
    at new Database [
90m(D:\Antigravity\Twe
etFlow-Scheduler\[39m
node_modules\[4mbette
r-sqlite3[24m\lib\dat
abase.js:48:64[90m)[
39m
    at new 
DatabaseService [90m(
D:\Antigravity\TweetFl
ow-Scheduler\[39msrc\
main\services\database
.ts:34:19[90m)[39m {
  code: [32m'ERR_DLOP
EN_FAILED'[39m
}


[31mΓÄ»ΓÄ»ΓÄ»ΓÄ»ΓÄ»ΓÄ
»ΓÄ»[1m[7m Failed 
Tests 5 [27m[22mΓÄ»Γ
Ä»ΓÄ»ΓÄ»ΓÄ»ΓÄ»ΓÄ»[39m

[31m[1m[7m FAIL 
[27m[22m[39m src/ma
in/services/__tests__/
database.test.ts[2m 
> [22mDatabaseService
[2m > [22mshould 
create the tweets and 
accounts tables with 
correct columns
[31m[1m[7m FAIL 
[27m[22m[39m src/ma
in/services/__tests__/
database.test.ts[2m 
> [22mDatabaseService
[2m > [22mshould 
create and retrieve 
an account
[31m[1m[7m FAIL 
[27m[22m[39m src/ma
in/services/__tests__/
database.test.ts[2m 
> [22mDatabaseService
[2m > [22mshould 
insert and retrieve a 
tweet with account_id
[31m[1m[7m FAIL 
[27m[22m[39m src/ma
in/services/__tests__/
database.test.ts[2m 
> [22mDatabaseService
[2m > [22mshould 
update tweet status 
and tweet_id
[31m[1m[7m FAIL 
[27m[22m[39m src/ma
in/services/__tests__/
database.test.ts[2m 
> [22mDatabaseService
[2m > [22mshould 
retrieve pending 
tweets
[31m[1mError[22m: 
The module '\\?\D:\Ant
igravity\TweetFlow-Sch
eduler\node_modules\be
tter-sqlite3\build\Rel
ease\better_sqlite3.no
de'
was compiled against 
a different Node.js 
version using
NODE_MODULE_VERSION 
125. This version of 
Node.js requires
NODE_MODULE_VERSION 
137. Please try 
re-compiling or 
re-installing
the module (for 
instance, using `npm 
rebuild` or `npm 
install`).[39m
[90m [2mΓ¥»[22m Tra
cingChannel.traceSync 
node:diagnostics_chann
el:[2m328:14[22m[39
m
[90m [2mΓ¥»[22m 
bindings node_modules/
bindings/bindings.js:
[2m112:48[22m[39m
[90m [2mΓ¥»[22m 
new Database node_modu
les/better-sqlite3/lib
/database.js:[2m48:64
[22m[39m
[36m [2mΓ¥»[22m 
new DatabaseService sr
c/main/services/databa
se.ts:[2m34:19[22m[
39m
    [90m 32| [39m   
         fs[33m.[39m
[34mensureDirSync[39
m(path[33m.[39m[34m
dirname[39m(dbPath))
    [90m 33| [39m   
     }
    [90m 34| [39m   
     [35mthis[39m[3
3m.[39mdb 
[33m=[39m 
[35mnew[39m [33mDat
abase[39m(dbPath)
    [90m   | [39m   
               
[31m^[39m
    [90m 35| [39m   
 }
    [90m 36| [39m

[31m[2mΓÄ»ΓÄ»ΓÄ»ΓÄ»Γ
Ä»ΓÄ»ΓÄ»ΓÄ»ΓÄ»ΓÄ»ΓÄ»ΓÄ
»ΓÄ»ΓÄ»ΓÄ»ΓÄ»ΓÄ»ΓÄ»ΓÄ»
ΓÄ»ΓÄ»ΓÄ»ΓÄ»ΓÄ»ΓÄ»ΓÄ»Γ
Ä»ΓÄ»ΓÄ»ΓÄ»[22m[39m
[31m[1mSerialized 
Error:[22m[39m 
[90m{ code: 
'ERR_DLOPEN_FAILED' 
}[39m
[31m[2mΓÄ»ΓÄ»ΓÄ»ΓÄ»Γ
Ä»ΓÄ»ΓÄ»ΓÄ»ΓÄ»ΓÄ»ΓÄ»ΓÄ
»ΓÄ»ΓÄ»ΓÄ»ΓÄ»ΓÄ»ΓÄ»ΓÄ»
ΓÄ»ΓÄ»ΓÄ»ΓÄ»ΓÄ»[1/5]ΓÄ
»[22m[39m

[2m Test Files [22m [1m[31m1 failed[39m[22m[90m (1)[39m
[2m      Tests [22m [1m[31m5 failed[39m[22m[90m (5)[39m
[2m   Start at [22m 21:35:44
[2m   Duration [22m 1.20s[2m (transform 100ms, setup 0ms, collect 228ms, tests 36ms, environment 1ms, prepare 392ms)[22m

